[    0.000000] Initializing cgroup subsys cpuset
[    0.000000] Initializing cgroup subsys cpu
[    0.000000] Initializing cgroup subsys cpuacct
[    0.000000] Linux version 4.4.0-170-generic (buildd@lcy01-amd64-019) (gcc version 5.4.0 20160609 (Ubuntu 5.4.0-6ubuntu1~16.04.12) ) #199-Ubuntu SMP Thu Nov 14 01:45:04 UTC 2019 (Ubuntu 4.4.0-170.199-generic 4.4.200)
[    0.000000] Command line: BOOT_IMAGE=/boot/vmlinuz-4.4.0-170-generic root=LABEL=cloudimg-rootfs ro console=tty1 console=ttyS0
[    0.000000] KERNEL supported cpus:
[    0.000000]   Intel GenuineIntel
[    0.000000]   AMD AuthenticAMD
[    0.000000]   Centaur CentaurHauls
[    0.000000] x86/fpu: xstate_offset[2]:  576, xstate_sizes[2]:  256
[    0.000000] x86/fpu: Supporting XSAVE feature 0x01: 'x87 floating point registers'
[    0.000000] x86/fpu: Supporting XSAVE feature 0x02: 'SSE registers'
[    0.000000] x86/fpu: Supporting XSAVE feature 0x04: 'AVX registers'
[    0.000000] x86/fpu: Enabled xstate features 0x7, context size is 832 bytes, using 'standard' format.
[    0.000000] e820: BIOS-provided physical RAM map:
[    0.000000] BIOS-e820: [mem 0x0000000000000000-0x000000000009fbff] usable
[    0.000000] BIOS-e820: [mem 0x000000000009fc00-0x000000000009ffff] reserved
[    0.000000] BIOS-e820: [mem 0x00000000000f0000-0x00000000000fffff] reserved
[    0.000000] BIOS-e820: [mem 0x0000000000100000-0x000000003ffeffff] usable
[    0.000000] BIOS-e820: [mem 0x000000003fff0000-0x000000003fffffff] ACPI data
[    0.000000] BIOS-e820: [mem 0x00000000fec00000-0x00000000fec00fff] reserved
[    0.000000] BIOS-e820: [mem 0x00000000fee00000-0x00000000fee00fff] reserved
[    0.000000] BIOS-e820: [mem 0x00000000fffc0000-0x00000000ffffffff] reserved
[    0.000000] NX (Execute Disable) protection: active
[    0.000000] SMBIOS 2.5 present.
[    0.000000] Hypervisor detected: KVM
[    0.000000] Kernel/User page tables isolation: disabled
[    0.000000] e820: last_pfn = 0x3fff0 max_arch_pfn = 0x400000000
[    0.000000] MTRR: Disabled
[    0.000000] x86/PAT: MTRRs disabled, skipping PAT initialization too.
[    0.000000] CPU MTRRs all blank - virtualized system.
[    0.000000] x86/PAT: Configuration [0-7]: WB  WT  UC- UC  WB  WT  UC- UC  
[    0.000000] found SMP MP-table at [mem 0x0009fff0-0x0009ffff] mapped at [ffff88000009fff0]
[    0.000000] Scanning 1 areas for low memory corruption
[    0.000000] RAMDISK: [mem 0x362fa000-0x37174fff]
[    0.000000] ACPI: Early table checksum verification disabled
[    0.000000] ACPI: RSDP 0x00000000000E0000 000024 (v02 VBOX  )
[    0.000000] ACPI: XSDT 0x000000003FFF0030 00003C (v01 VBOX   VBOXXSDT 00000001 ASL  00000061)
[    0.000000] ACPI: FACP 0x000000003FFF00F0 0000F4 (v04 VBOX   VBOXFACP 00000001 ASL  00000061)
[    0.000000] ACPI: DSDT 0x000000003FFF0470 0022EA (v02 VBOX   VBOXBIOS 00000002 INTL 20100528)
[    0.000000] ACPI: FACS 0x000000003FFF0200 000040
[    0.000000] ACPI: FACS 0x000000003FFF0200 000040
[    0.000000] ACPI: APIC 0x000000003FFF0240 00005C (v02 VBOX   VBOXAPIC 00000001 ASL  00000061)
[    0.000000] ACPI: SSDT 0x000000003FFF02A0 0001CC (v01 VBOX   VBOXCPUT 00000002 INTL 20100528)
[    0.000000] No NUMA configuration found
[    0.000000] Faking a node at [mem 0x0000000000000000-0x000000003ffeffff]
[    0.000000] NODE_DATA(0) allocated [mem 0x3ffeb000-0x3ffeffff]
[    0.000000] kvm-clock: Using msrs 4b564d01 and 4b564d00
[    0.000000] kvm-clock: cpu 0, msr 0:3ffe3001, primary cpu clock
[    0.000000] kvm-clock: using sched offset of 3271983332 cycles
[    0.000000] clocksource: kvm-clock: mask: 0xffffffffffffffff max_cycles: 0x1cd42e4dffb, max_idle_ns: 881590591483 ns
[    0.000000] Zone ranges:
[    0.000000]   DMA      [mem 0x0000000000001000-0x0000000000ffffff]
[    0.000000]   DMA32    [mem 0x0000000001000000-0x000000003ffeffff]
[    0.000000]   Normal   empty
[    0.000000]   Device   empty
[    0.000000] Movable zone start for each node
[    0.000000] Early memory node ranges
[    0.000000]   node   0: [mem 0x0000000000001000-0x000000000009efff]
[    0.000000]   node   0: [mem 0x0000000000100000-0x000000003ffeffff]
[    0.000000] Initmem setup node 0 [mem 0x0000000000001000-0x000000003ffeffff]
[    0.000000] ACPI: PM-Timer IO Port: 0x4008
[    0.000000] IOAPIC[0]: apic_id 2, version 32, address 0xfec00000, GSI 0-23
[    0.000000] ACPI: INT_SRC_OVR (bus 0 bus_irq 0 global_irq 2 dfl dfl)
[    0.000000] ACPI: INT_SRC_OVR (bus 0 bus_irq 9 global_irq 9 low level)
[    0.000000] Using ACPI (MADT) for SMP configuration information
[    0.000000] smpboot: Allowing 2 CPUs, 0 hotplug CPUs
[    0.000000] PM: Registered nosave memory: [mem 0x00000000-0x00000fff]
[    0.000000] PM: Registered nosave memory: [mem 0x0009f000-0x0009ffff]
[    0.000000] PM: Registered nosave memory: [mem 0x000a0000-0x000effff]
[    0.000000] PM: Registered nosave memory: [mem 0x000f0000-0x000fffff]
[    0.000000] e820: [mem 0x40000000-0xfebfffff] available for PCI devices
[    0.000000] Booting paravirtualized kernel on KVM
[    0.000000] clocksource: refined-jiffies: mask: 0xffffffff max_cycles: 0xffffffff, max_idle_ns: 7645519600211568 ns
[    0.000000] setup_percpu: NR_CPUS:512 nr_cpumask_bits:512 nr_cpu_ids:2 nr_node_ids:1
[    0.000000] PERCPU: Embedded 33 pages/cpu @ffff88003fc00000 s95448 r8192 d31528 u1048576
[    0.000000] Built 1 zonelists in Node order, mobility grouping on.  Total pages: 257912
[    0.000000] Policy zone: DMA32
[    0.000000] Kernel command line: BOOT_IMAGE=/boot/vmlinuz-4.4.0-170-generic root=LABEL=cloudimg-rootfs ro console=tty1 console=ttyS0
[    0.000000] PID hash table entries: 4096 (order: 3, 32768 bytes)
[    0.000000] Memory: 997728K/1048120K available (8626K kernel code, 1336K rwdata, 4036K rodata, 1488K init, 1288K bss, 50392K reserved, 0K cma-reserved)
[    0.000000] SLUB: HWalign=64, Order=0-3, MinObjects=0, CPUs=2, Nodes=1
[    0.000000] Hierarchical RCU implementation.
[    0.000000] 	Build-time adjustment of leaf fanout to 64.
[    0.000000] 	RCU restricting CPUs from NR_CPUS=512 to nr_cpu_ids=2.
[    0.000000] RCU: Adjusting geometry for rcu_fanout_leaf=64, nr_cpu_ids=2
[    0.000000] NR_IRQS:33024 nr_irqs:440 16
[    0.000000] Console: colour VGA+ 80x25
[    0.000000] console [tty1] enabled
[    0.000000] console [ttyS0] enabled
[    0.000000] tsc: Detected 1992.000 MHz processor
[    0.110229] Calibrating delay loop (skipped) preset value.. 3984.00 BogoMIPS (lpj=7968000)
[    0.111560] pid_max: default: 32768 minimum: 301
[    0.112172] ACPI: Core revision 20150930
[    0.113347] ACPI: 2 ACPI AML tables successfully acquired and loaded
[    0.114485] Security Framework initialized
[    0.115122] Yama: becoming mindful.
[    0.115668] AppArmor: AppArmor initialized
[    0.116371] Dentry cache hash table entries: 131072 (order: 8, 1048576 bytes)
[    0.117526] Inode-cache hash table entries: 65536 (order: 7, 524288 bytes)
[    0.120646] Mount-cache hash table entries: 2048 (order: 2, 16384 bytes)
[    0.122036] Mountpoint-cache hash table entries: 2048 (order: 2, 16384 bytes)
[    0.123029] Initializing cgroup subsys io
[    0.123620] Initializing cgroup subsys memory
[    0.124227] Initializing cgroup subsys devices
[    0.124832] Initializing cgroup subsys freezer
[    0.125458] Initializing cgroup subsys net_cls
[    0.126168] Initializing cgroup subsys perf_event
[    0.126827] Initializing cgroup subsys net_prio
[    0.127463] Initializing cgroup subsys hugetlb
[    0.128086] Initializing cgroup subsys pids
[    0.129688] mce: CPU supports 0 MCE banks
[    0.130335] Last level iTLB entries: 4KB 64, 2MB 8, 4MB 8
[    0.131130] Last level dTLB entries: 4KB 64, 2MB 0, 4MB 0, 1GB 4
[    0.131937] Spectre V1 : Mitigation: usercopy/swapgs barriers and __user pointer sanitization
[    0.133241] Spectre V2 : Mitigation: Enhanced IBRS
[    0.133885] Spectre V2 : Spectre v2 / SpectreRSB mitigation: Filling RSB on context switch
[    0.135080] Speculative Store Bypass: Vulnerable
[    0.137706] Freeing SMP alternatives memory: 36K
[    0.142825] ftrace: allocating 32302 entries in 127 pages
[    0.178017] smpboot: APIC(0) Converting physical 0 to logical package 0
[    0.178936] smpboot: Max logical packages: 1
[    0.179690] x2apic enabled
[    0.180327] Switched APIC routing to physical x2apic.
[    0.181806] ..TIMER: vector=0x30 apic1=0 pin1=2 apic2=-1 pin2=-1
[    0.290720] smpboot: CPU0: Intel(R) Core(TM) i7-8565U CPU @ 1.80GHz (family: 0x6, model: 0x8e, stepping: 0xc)
[    0.292265] Performance Events: unsupported p6 CPU model 142 no PMU driver, software events only.
[    0.300887] KVM setup paravirtual spinlock
[    0.301932] x86: Booting SMP configuration:
[    0.302527] .... node  #0, CPUs:      #1
[    0.303330] kvm-clock: cpu 1, msr 0:3ffe3041, secondary cpu clock
[    0.305072] mce: CPU supports 0 MCE banks
[    0.307539] x86: Booted up 1 node, 2 CPUs
[    0.308298] smpboot: Total of 2 processors activated (7968.00 BogoMIPS)
[    0.309466] devtmpfs: initialized
[    0.311353] evm: security.selinux
[    0.311907] evm: security.SMACK64
[    0.312406] evm: security.SMACK64EXEC
[    0.312938] evm: security.SMACK64TRANSMUTE
[    0.313512] evm: security.SMACK64MMAP
[    0.314080] evm: security.ima
[    0.314609] evm: security.capability
[    0.315316] clocksource: jiffies: mask: 0xffffffff max_cycles: 0xffffffff, max_idle_ns: 7645041785100000 ns
[    0.316682] futex hash table entries: 512 (order: 3, 32768 bytes)
[    0.317580] pinctrl core: initialized pinctrl subsystem
[    0.318443] RTC time: 15:02:40, date: 01/08/20
[    0.321258] NET: Registered protocol family 16
[    0.331312] cpuidle: using governor ladder
[    0.345168] cpuidle: using governor menu
[    0.347969] PCCT header not found.
[    0.350446] ACPI: bus type PCI registered
[    0.351215] acpiphp: ACPI Hot Plug PCI Controller Driver version: 0.5
[    0.352091] PCI: Using configuration type 1 for base access
[    0.365303] ACPI: Added _OSI(Module Device)
[    0.368310] ACPI: Added _OSI(Processor Device)
[    0.371927] ACPI: Added _OSI(3.0 _SCP Extensions)
[    0.374511] ACPI: Added _OSI(Processor Aggregator Device)
[    0.378248] ACPI: Executed 1 blocks of module-level executable AML code
[    0.383971] ACPI: Interpreter enabled
[    0.385102] ACPI: (supports S0 S5)
[    0.386143] ACPI: Using IOAPIC for interrupt routing
[    0.387831] PCI: Using host bridge windows from ACPI; if necessary, use "pci=nocrs" and report a bug
[    0.393894] ACPI: PCI Root Bridge [PCI0] (domain 0000 [bus 00-ff])
[    0.395079] acpi PNP0A03:00: _OSC: OS supports [ASPM ClockPM Segments MSI]
[    0.396621] acpi PNP0A03:00: _OSC: not requesting OS control; OS requires [ExtendedConfig ASPM ClockPM MSI]
[    0.398488] acpi PNP0A03:00: fail to add MMCONFIG information, can't access extended PCI configuration space under this bridge.
[    0.400633] PCI host bridge to bus 0000:00
[    0.401388] pci_bus 0000:00: root bus resource [io  0x0000-0x0cf7 window]
[    0.402481] pci_bus 0000:00: root bus resource [io  0x0d00-0xffff window]
[    0.403585] pci_bus 0000:00: root bus resource [mem 0x000a0000-0x000bffff window]
[    0.404830] pci_bus 0000:00: root bus resource [mem 0x40000000-0xfdffffff window]
[    0.406074] pci_bus 0000:00: root bus resource [bus 00-ff]
[    0.408281] pci 0000:00:01.1: legacy IDE quirk: reg 0x10: [io  0x01f0-0x01f7]
[    0.409245] pci 0000:00:01.1: legacy IDE quirk: reg 0x14: [io  0x03f6]
[    0.410179] pci 0000:00:01.1: legacy IDE quirk: reg 0x18: [io  0x0170-0x0177]
[    0.411196] pci 0000:00:01.1: legacy IDE quirk: reg 0x1c: [io  0x0376]
[    0.421127] pci 0000:00:07.0: quirk: [io  0x4000-0x403f] claimed by PIIX4 ACPI
[    0.429115] pci 0000:00:07.0: quirk: [io  0x4100-0x410f] claimed by PIIX4 SMB
[    0.435271] ACPI: PCI Interrupt Link [LNKA] (IRQs 5 9 10 *11)
[    0.436664] ACPI: PCI Interrupt Link [LNKB] (IRQs 5 9 *10 11)
[    0.437965] ACPI: PCI Interrupt Link [LNKC] (IRQs 5 *9 10 11)
[    0.439137] ACPI: PCI Interrupt Link [LNKD] (IRQs 5 9 10 *11)
[    0.440378] ACPI: Enabled 2 GPEs in block 00 to 07
[    0.441372] vgaarb: setting as boot device: PCI:0000:00:02.0
[    0.442100] vgaarb: device added: PCI:0000:00:02.0,decodes=io+mem,owns=io+mem,locks=none
[    0.443278] vgaarb: loaded
[    0.443729] vgaarb: bridge control possible 0000:00:02.0
[    0.444727] SCSI subsystem initialized
[    0.445454] ACPI: bus type USB registered
[    0.446137] usbcore: registered new interface driver usbfs
[    0.446887] usbcore: registered new interface driver hub
[    0.447616] usbcore: registered new device driver usb
[    0.448546] PCI: Using ACPI for IRQ routing
[    0.449372] NetLabel: Initializing
[    0.449868] NetLabel:  domain hash size = 128
[    0.450502] NetLabel:  protocols = UNLABELED CIPSOv4
[    0.451357] NetLabel:  unlabeled traffic allowed by default
[    0.452247] amd_nb: Cannot enumerate AMD northbridges
[    0.452985] clocksource: Switched to clocksource kvm-clock
[    0.461597] AppArmor: AppArmor Filesystem Enabled
[    0.462303] pnp: PnP ACPI init
[    0.463302] pnp: PnP ACPI: found 3 devices
[    0.471650] clocksource: acpi_pm: mask: 0xffffff max_cycles: 0xffffff, max_idle_ns: 2085701024 ns
[    0.472787] NET: Registered protocol family 2
[    0.473522] TCP established hash table entries: 8192 (order: 4, 65536 bytes)
[    0.474464] TCP bind hash table entries: 8192 (order: 5, 131072 bytes)
[    0.475377] TCP: Hash tables configured (established 8192 bind 8192)
[    0.477216] UDP hash table entries: 512 (order: 2, 16384 bytes)
[    0.477984] UDP-Lite hash table entries: 512 (order: 2, 16384 bytes)
[    0.478817] NET: Registered protocol family 1
[    0.479434] pci 0000:00:00.0: Limiting direct PCI/PCI transfers
[    0.480217] pci 0000:00:01.0: Activating ISA DMA hang workarounds
[    0.483158] Unpacking initramfs...
[    0.677585] Freeing initrd memory: 14828K
[    0.678257] clocksource: tsc: mask: 0xffffffffffffffff max_cycles: 0x396d519840e, max_idle_ns: 881590569543 ns
[    0.679556] platform rtc_cmos: registered platform RTC device (no PNP device found)
[    0.680544] Scanning for low memory corruption every 60 seconds
[    0.681510] audit: initializing netlink subsys (disabled)
[    0.682174] audit: type=2000 audit(1578495765.593:1): initialized
[    0.683118] Initialise system trusted keyring
[    0.683773] HugeTLB registered 2 MB page size, pre-allocated 0 pages
[    0.685385] zbud: loaded
[    0.686032] VFS: Disk quotas dquot_6.6.0
[    0.686573] VFS: Dquot-cache hash table entries: 512 (order 0, 4096 bytes)
[    0.687618] squashfs: version 4.0 (2009/01/31) Phillip Lougher
[    0.688872] fuse init (API version 7.23)
[    0.689516] Key type big_key registered
[    0.690186] Allocating IMA MOK and blacklist keyrings.
[    0.693948] Key type asymmetric registered
[    0.694484] Asymmetric key parser 'x509' registered
[    0.695145] Block layer SCSI generic (bsg) driver version 0.4 loaded (major 249)
[    0.696243] io scheduler noop registered
[    0.696798] io scheduler deadline registered (default)
[    0.697495] io scheduler cfq registered
[    0.698108] pci_hotplug: PCI Hot Plug PCI Core version: 0.5
[    0.698845] pciehp: PCI Express Hot Plug Controller Driver version: 0.4
[    0.699726] ACPI: AC Adapter [AC] (on-line)
[    0.700297] input: Power Button as /devices/LNXSYSTM:00/LNXPWRBN:00/input/input0
[    0.701317] ACPI: Power Button [PWRF]
[    0.701917] input: Sleep Button as /devices/LNXSYSTM:00/LNXSLPBN:00/input/input1
[    0.702864] ACPI: Sleep Button [SLPF]
[    0.703819] ACPI: Battery Slot [BAT0] (battery present)
[    0.704549] GHES: HEST is not enabled!
[    0.705112] Serial: 8250/16550 driver, 32 ports, IRQ sharing enabled
[    0.726246] 00:02: ttyS0 at I/O 0x3f8 (irq = 4, base_baud = 115200) is a 16550A
[    0.727999] Linux agpgart interface v0.103
[    0.730462] loop: module loaded
[    0.731287] scsi host0: ata_piix
[    0.731873] scsi host1: ata_piix
[    0.732393] ata1: PATA max UDMA/33 cmd 0x1f0 ctl 0x3f6 bmdma 0xd000 irq 14
[    0.733261] ata2: PATA max UDMA/33 cmd 0x170 ctl 0x376 bmdma 0xd008 irq 15
[    0.734199] libphy: Fixed MDIO Bus: probed
[    0.734832] tun: Universal TUN/TAP device driver, 1.6
[    0.735443] tun: (C) 1999-2004 Max Krasnyansky <maxk@qualcomm.com>
[    0.736543] PPP generic driver version 2.4.2
[    0.737163] ehci_hcd: USB 2.0 'Enhanced' Host Controller (EHCI) Driver
[    0.737979] ehci-pci: EHCI PCI platform driver
[    0.738590] ehci-platform: EHCI generic platform driver
[    0.739223] ohci_hcd: USB 1.1 'Open' Host Controller (OHCI) Driver
[    0.740020] ohci-pci: OHCI PCI platform driver
[    0.740650] ohci-platform: OHCI generic platform driver
[    0.741441] uhci_hcd: USB Universal Host Controller Interface driver
[    0.742199] i8042: PNP: PS/2 Controller [PNP0303:PS2K,PNP0f03:PS2M] at 0x60,0x64 irq 1,12
[    0.743710] serio: i8042 KBD port at 0x60,0x64 irq 1
[    0.744320] serio: i8042 AUX port at 0x60,0x64 irq 12
[    0.744996] mousedev: PS/2 mouse device common for all mice
[    0.746118] input: AT Translated Set 2 keyboard as /devices/platform/i8042/serio0/input/input2
[    0.747264] rtc_cmos rtc_cmos: rtc core: registered rtc_cmos as rtc0
[    0.748146] rtc_cmos rtc_cmos: alarms up to one day, 114 bytes nvram
[    0.748930] i2c /dev entries driver
[    0.749545] device-mapper: uevent: version 1.0.3
[    0.750162] device-mapper: ioctl: 4.34.0-ioctl (2015-10-28) initialised: dm-devel@redhat.com
[    0.751250] ledtrig-cpu: registered to indicate activity on CPUs
[    0.752223] NET: Registered protocol family 10
[    0.752918] NET: Registered protocol family 17
[    0.753549] Key type dns_resolver registered
[    0.754297] registered taskstats version 1
[    0.754841] Loading compiled-in X.509 certificates
[    0.755812] Loaded X.509 cert 'Build time autogenerated kernel key: f0e56e97f406068ace47a9bf54316e9855aaaa43'
[    0.757004] zswap: loaded using pool lzo/zbud
[    0.758623] Key type trusted registered
[    0.760713] Key type encrypted registered
[    0.761338] AppArmor: AppArmor sha1 policy hashing enabled
[    0.762036] ima: No TPM chip found, activating TPM-bypass!
[    0.762692] ima: Allocated hash algorithm: sha1
[    0.763310] evm: HMAC attrs: 0x1
[    0.763971]   Magic number: 4:122:32
[    0.764510] rtc_cmos rtc_cmos: setting system clock to 2020-01-08 15:02:41 UTC (1578495761)
[    0.765755] BIOS EDD facility v0.16 2004-Jun-25, 0 devices found
[    0.766461] EDD information not available.
[    0.899029] Freeing unused kernel memory: 1488K
[    0.902777] Write protecting the kernel read-only data: 14336k
[    0.908848] Freeing unused kernel memory: 1604K
[    0.912336] Freeing unused kernel memory: 60K
Loading, please wait...
starting version 229
[    0.932774] random: systemd-udevd: uninitialized urandom read (16 bytes read, 1 bits of entropy available)
[    0.933383] random: udevadm: uninitialized urandom read (16 bytes read, 1 bits of entropy available)
[    0.933400] random: udevadm: uninitialized urandom read (16 bytes read, 1 bits of entropy available)
[    0.938357] random: systemd-udevd: uninitialized urandom read (16 bytes read, 1 bits of entropy available)
[    0.939054] random: udevadm: uninitialized urandom read (16 bytes read, 1 bits of entropy available)
[    0.939084] random: udevadm: uninitialized urandom read (16 bytes read, 1 bits of entropy available)
[    0.939176] random: udevadm: uninitialized urandom read (16 bytes read, 1 bits of entropy available)
[    0.939209] random: udevadm: uninitialized urandom read (16 bytes read, 1 bits of entropy available)
[    0.939240] random: udevadm: uninitialized urandom read (16 bytes read, 1 bits of entropy available)
[    0.939273] random: udevadm: uninitialized urandom read (16 bytes read, 1 bits of entropy available)
[    0.965009] e1000: Intel(R) PRO/1000 Network Driver - version 7.3.21-k8-NAPI
[    0.966123] e1000: Copyright (c) 1999-2006 Intel Corporation.
[    0.971776] Fusion MPT base driver 3.04.20
[    0.972526] Copyright (c) 1999-2008 LSI Corporation
[    0.979938] Fusion MPT SPI Host driver 3.04.20
[    0.992781] AVX2 version of gcm_enc/dec engaged.
[    0.993683] AES CTR mode by8 optimization enabled
[    1.178809] input: ImExPS/2 Generic Explorer Mouse as /devices/platform/i8042/serio1/input/input4
[    1.308720] e1000 0000:00:03.0 eth0: (PCI:33MHz:32-bit) 02:dd:45:a7:5d:a0
[    1.310221] e1000 0000:00:03.0 eth0: Intel(R) PRO/1000 Network Connection
[    1.312029] mptbase: ioc0: Initiating bringup
[    1.686719] ioc0: LSI53C1030 A0: Capabilities={Initiator}
[    3.338531] scsi host2: ioc0: LSI53C1030 A0, FwRev=00000000h, Ports=1, MaxQ=256, IRQ=20
[    4.000238] scsi 2:0:0:0: Direct-Access     VBOX     HARDDISK         1.0  PQ: 0 ANSI: 5
[    4.004590] scsi target2:0:0: Beginning Domain Validation
[    4.008146] scsi target2:0:0: Domain Validation skipping write tests
[    4.009226] scsi target2:0:0: Ending Domain Validation
[    4.010133] scsi target2:0:0: asynchronous
[    4.011719] scsi 2:0:1:0: Direct-Access     VBOX     HARDDISK         1.0  PQ: 0 ANSI: 5
[    4.013340] scsi target2:0:1: Beginning Domain Validation
[    4.015693] scsi target2:0:1: Domain Validation skipping write tests
[    4.016665] scsi target2:0:1: Ending Domain Validation
[    4.017553] scsi target2:0:1: asynchronous
[    4.022673] sd 2:0:0:0: [sda] 20971520 512-byte logical blocks: (10.7 GB/10.0 GiB)
[    4.030756] sd 2:0:0:0: Attached scsi generic sg0 type 0
[    4.032012] sd 2:0:1:0: [sdb] 20480 512-byte logical blocks: (10.5 MB/10.0 MiB)
[    4.033211] sd 2:0:1:0: Attached scsi generic sg1 type 0
[    4.033345] sd 2:0:0:0: [sda] Write Protect is off
[    4.035100] sd 2:0:0:0: [sda] Incomplete mode parameter data
[    4.036048] sd 2:0:0:0: [sda] Assuming drive cache: write through
[    4.036924] sd 2:0:1:0: [sdb] Write Protect is off
[    4.038079] sd 2:0:1:0: [sdb] Incomplete mode parameter data
[    4.038922] sd 2:0:1:0: [sdb] Assuming drive cache: write through
[    4.054690]  sda: sda1
[    4.056510] sd 2:0:0:0: [sda] Attached SCSI disk
[    4.064873] sd 2:0:1:0: [sdb] Attached SCSI disk
[    4.353237] e1000 0000:00:08.0 eth1: (PCI:33MHz:32-bit) 08:00:27:a5:8e:ef
[    4.354147] e1000 0000:00:08.0 eth1: Intel(R) PRO/1000 Network Connection
[    4.356022] e1000 0000:00:03.0 enp0s3: renamed from eth0
[    4.369786] e1000 0000:00:08.0 enp0s8: renamed from eth1
Begin: Loading essential drivers ... [    5.616622] md: linear personality registered for level -1
[    5.620013] md: multipath personality registered for level -4
[    5.622424] md: raid0 personality registered for level 0
[    5.626152] md: raid1 personality registered for level 1
[    5.697512] raid6: sse2x1   gen() 13329 MB/s
[    5.765352] raid6: sse2x1   xor()  8804 MB/s
[    5.833234] raid6: sse2x2   gen() 18357 MB/s
[    5.901528] raid6: sse2x2   xor() 12421 MB/s
[    5.969420] raid6: sse2x4   gen() 19202 MB/s
[    6.037188] raid6: sse2x4   xor() 11389 MB/s
[    6.105074] raid6: avx2x1   gen() 24792 MB/s
[    6.173401] raid6: avx2x2   gen() 32367 MB/s
[    6.241116] raid6: avx2x4   gen() 35543 MB/s
[    6.241711] raid6: using algorithm avx2x4 gen() 35543 MB/s
[    6.242472] raid6: using avx2x2 recovery algorithm
[    6.244067] xor: automatically using best checksumming function:
[    6.281184]    avx       : 29105.000 MB/sec
[    6.282699] async_tx: api initialized (async)
[    6.291775] md: raid6 personality registered for level 6
[    6.292743] md: raid5 personality registered for level 5
[    6.293596] md: raid4 personality registered for level 4
[    6.299154] md: raid10 personality registered for level 10
done.
Begin: Running /scripts/init-premount ... done.
Begin: Mounting root file system ... Begin: Running /scripts/local-top ... done.
Begin: Running /scripts/local-premount ... [    6.320005] Btrfs loaded
Scanning for Btrfs filesystems
done.
Warning: fsck not present, so skipping root file system
[    6.344846] EXT4-fs (sda1): mounted filesystem with ordered data mode. Opts: (null)
done.
Begin: Running /scripts/local-bottom ... done.
Begin: Running /scripts/init-bottom ... done.
[    6.417857] systemd[1]: systemd 229 running in system mode. (+PAM +AUDIT +SELINUX +IMA +APPARMOR +SMACK +SYSVINIT +UTMP +LIBCRYPTSETUP +GCRYPT +GNUTLS +ACL +XZ -LZ4 +SECCOMP +BLKID +ELFUTILS +KMOD -IDN)
[    6.420509] systemd[1]: Detected virtualization oracle.
[    6.421446] systemd[1]: Detected architecture x86-64.

Welcome to [1mUbuntu 16.04.6 LTS[0m!

[    6.424870] systemd[1]: Set hostname to <ubuntu>.
[    6.428474] systemd[1]: Initializing machine ID from random generator.
[    6.430019] systemd[1]: Installed transient /etc/machine-id file.
[    6.526123] systemd[1]: Started Trigger resolvconf update for networkd DNS.
[[0;32m  OK  [0m] Started Trigger resolvconf update for networkd DNS.
[    6.528040] systemd[1]: Listening on udev Control Socket.
[[0;32m  OK  [0m] Listening on udev Control Socket.
[    6.538254] systemd[1]: Listening on LVM2 poll daemon socket.
[[0;32m  OK  [0m] Listening on LVM2 poll daemon socket.
[    6.541375] systemd[1]: Created slice System Slice.
[[0;32m  OK  [0m] Created slice System Slice.
[    6.549811] systemd[1]: Created slice system-serial\x2dgetty.slice.
[[0;32m  OK  [0m] Created slice system-serial\x2dgetty.slice.
[    6.551778] systemd[1]: Listening on Journal Socket.
[[0;32m  OK  [0m] Listening on Journal Socket.
[    6.565578] systemd[1]: Starting Set console keymap...
         Starting Set console keymap...
[    6.568025] systemd[1]: Created slice User and Session Slice.
[[0;32m  OK  [0m] Created slice User and Session Slice.
[    6.570532] systemd[1]: Mounting Debug File System...
         Mounting Debug File System...
[    6.573672] systemd[1]: Reached target System Time Synchronized.
[[0;32m  OK  [0m] Reached target System Time Synchronized.
[    6.576238] systemd[1]: Reached target User and Group Name Lookups.
[[0;32m  OK  [0m] Reached target User and Group Name Lookups.
[    6.578287] systemd[1]: Listening on udev Kernel Socket.
[[0;32m  OK  [0m] Listening on udev Kernel Socket.
[    6.585208] systemd[1]: Listening on Device-mapper event daemon FIFOs.
[[0;32m  OK  [0m] Listening on Device-mapper event daemon FIFOs.
[    6.593827] systemd[1]: Listening on Syslog Socket.
[[0;32m  OK  [0m] Listening on Syslog Socket.
[    6.595695] systemd[1]: Mounting Huge Pages File System...
         Mounting Huge Pages File System...
[    6.605831] systemd[1]: Listening on Journal Audit Socket.
[[0;32m  OK  [0m] Listening on Journal Audit Socket.
[    6.608824] systemd[1]: Listening on /dev/initctl Compatibility Named Pipe.
[[0;32m  OK  [0m] Listening on /dev/initctl Compatibility Named Pipe.
[    6.612083] systemd[1]: Starting Nameserver information manager...
         Starting Nameserver information manager...
[    6.615504] systemd[1]: Mounting POSIX Message Queue File System...
         Mounting POSIX Message Queue File System...
[    6.621591] systemd[1]: Set up automount Arbitrary Executable File Formats File System Automount Point.
[[0;32m  OK  [0m] Set up automount Arbitrary Executab...ats File System Automount Point.
[    6.629190] systemd[1]: Listening on Journal Socket (/dev/log).
[[0;32m  OK  [0m] Listening on Journal Socket (/dev/log).
[    6.641148] systemd[1]: Starting Journal Service...
         Starting Journal Service...
[    6.643069] systemd[1]: Started Forward Password Requests to Wall Directory Watch.
[[0;32m  OK  [0m] Started Forward Password Requests to Wall Directory Watch.
[    6.646577] systemd[1]: Starting Uncomplicated firewall...
         Starting Uncomplicated firewall...
[    6.649582] systemd[1]: Starting Create list of required static device nodes for the current kernel...
         Starting Create list of required st... nodes for the current kernel...
[    6.652432] systemd[1]: Starting Remount Root and Kernel File Systems...
         Starting Remount Root and Kernel File Systems...
[    6.655186] systemd[1]: Reached target Slices.
[[0;32m  OK  [0m] Reached target Slices.
[    6.661233] EXT4-fs (sda1): re-mounted. Opts: (null)
[    6.663130] systemd[1]: Listening on LVM2 metadata daemon socket.
[[0;32m  OK  [0m] Listening on LVM2 metadata daemon socket.
[    6.685944] systemd[1]: Starting Monitoring of LVM2 mirrors, snapshots etc. using dmeventd or progress polling...
         Starting Monitoring of LVM2 mirrors... dmeventd or progress polling...
[    6.691778] systemd[1]: Starting Load Kernel Modules...
         Starting Load Kernel Modules...
[    6.693560] systemd[1]: Reached target Swap.
[[0;32m  OK  [0m] Reached target Swap.
[    6.701217] systemd[1]: Reached target Encrypted Volumes.
[[0;32m  OK  [0m] Reached target Encrypted Volumes.
[    6.703163] Loading iSCSI transport class v2.0-870.
[    6.705613] systemd[1]: Mounted POSIX Message Queue File System.
[[0;32m  OK  [0m] Mounted POSIX Message Queue File System.
[    6.707729] systemd[1]: Mounted Debug File System.
[[0;32m  OK  [0m] Mounted Debug File System.
[    6.710193] iscsi: registered transport (tcp)
[    6.713512] systemd[1]: Mounted Huge Pages File System.
[[0;32m  OK  [0m] Mounted Huge Pages File System.
[    6.721945] systemd[1]: Started Journal Service.
[[0;32m  OK  [0m] Started Journal Service.
[[0;32m  OK  [0m] Started Set console keymap.
[    6.733195] iscsi: registered transport (iser)
[[0;32m  OK  [0m] Started Uncomplicated firewall.
[[0;32m  OK  [0m] Started Create list of required sta...ce nodes for the current kernel.
[[0;32m  OK  [0m] Started Remount Root and Kernel File Systems.
[[0;32m  OK  [0m] Started Load Kernel Modules.
[[0;32m  OK  [0m] Started Nameserver information manager.
[[0;32m  OK  [0m] Started LVM2 metadata daemon.
         Mounting FUSE Control File System...
         Starting Apply Kernel Variables...
         Starting udev Coldplug all Devices...
         Starting Load/Save Random Seed...
         Starting Create Static Device Nodes in /dev...
         Starting Flush Journal to Persistent Storage...
[[0;32m  OK  [0m] Mounted FUSE Control File System.
[[0;32m  OK  [0m] Started Apply Kernel Variables.
[[0;32m  OK  [0m] Started Load/Save Random Seed.
[[0;32m  OK  [0m] Started Create Static Device Nodes in /dev.
         Starting udev Kernel Device Manager...
[[0;32m  OK  [0m] Started Flush Journal to Persistent Storage.
[[0;32m  OK  [0m] Started udev Kernel Device Manager.
[[0;32m  OK  [0m] Started udev Coldplug all Devices.
[[0;32m  OK  [0m] Started Dispatch Password Requests to Console Directory Watch.
[[0;32m  OK  [0m] Found device /dev/ttyS0.
[[0;32m  OK  [0m] Listening on Load/Save RF Kill Switch Status /dev/rfkill Watch.
[[0;32m  OK  [0m] Started Monitoring of LVM2 mirrors,...ng dmeventd or progress polling.
[[0;32m  OK  [0m] Reached target Local File Systems (Pre).
[[0;32m  OK  [0m] Reached target Local File Systems.
         Starting Tell Plymouth To Write Out Runtime Data...
         Starting LSB: AppArmor initialization...
         Starting Create Volatile Files and Directories...
         Starting Commit a transient machine-id on disk...
         Starting Set console font and keymap...
         Starting Initial cloud-init job (pre-networking)...
[[0;32m  OK  [0m] Started Tell Plymouth To Write Out Runtime Data.
[[0;32m  OK  [0m] Started Create Volatile Files and Directories.
         Starting Update UTMP about System Boot/Shutdown...
[[0;32m  OK  [0m] Started Commit a transient machine-id on disk.
[[0;32m  OK  [0m] Started Update UTMP about System Boot/Shutdown.
[[0;32m  OK  [0m] Started Set console font and keymap.
[[0;32m  OK  [0m] Created slice system-getty.slice.
[    8.198697] cloud-init[638]: Cloud-init v. 19.2-36-g059d049c-0ubuntu2~16.04.1 running 'init-local' at Wed, 08 Jan 2020 15:02:48 +0000. Up 7.87 seconds.
[[0;32m  OK  [0m] Started LSB: AppArmor initialization.
[[0;32m  OK  [0m] Started Initial cloud-init job (pre-networking).
[[0;32m  OK  [0m] Reached target Network (Pre).
         Starting Raise network interfaces...
[[0;32m  OK  [0m] Started Raise network interfaces.
         Starting Initial cloud-init job (metadata service crawler)...
[[0;32m  OK  [0m] Reached target Network.
[    8.961546] cloud-init[963]: Cloud-init v. 19.2-36-g059d049c-0ubuntu2~16.04.1 running 'init' at Wed, 08 Jan 2020 15:02:49 +0000. Up 8.65 seconds.
[    8.969059] cloud-init[963]: ci-info: ++++++++++++++++++++++++++++++++++++++Net device info+++++++++++++++++++++++++++++++++++++++
[    8.970167] cloud-init[963]: ci-info: +--------+-------+----------------------------+---------------+--------+-------------------+
[    8.971298] cloud-init[963]: ci-info: | Device |   Up  |          Address           |      Mask     | Scope  |     Hw-Address    |
[    8.972380] cloud-init[963]: ci-info: +--------+-------+----------------------------+---------------+--------+-------------------+
[    8.973487] cloud-init[963]: ci-info: | enp0s3 |  True |         10.0.2.15          | 255.255.255.0 | global | 02:dd:45:a7:5d:a0 |
[    8.974732] cloud-init[963]: ci-info: | enp0s3 |  True | fe80::dd:45ff:fea7:5da0/64 |       .       |  link  | 02:dd:45:a7:5d:a0 |
[    8.976020] cloud-init[963]: ci-info: | enp0s8 | False |             .              |       .       |   .    | 08:00:27:a5:8e:ef |
[    8.977225] cloud-init[963]: ci-info: |   lo   |  True |         127.0.0.1          |   255.0.0.0   |  host  |         .         |
[    8.978407] cloud-init[963]: ci-info: |   lo   |  True |          ::1/128           |       .       |  host  |         .         |
[    8.979549] cloud-init[963]: ci-info: +--------+-------+----------------------------+---------------+--------+-------------------+
[    8.981307] cloud-init[963]: ci-info: +++++++++++++++++++++++++++Route IPv4 info++++++++++++++++++++++++++++
[    8.982417] cloud-init[963]: ci-info: +-------+-------------+----------+---------------+-----------+-------+
[    8.983404] cloud-init[963]: ci-info: | Route | Destination | Gateway  |    Genmask    | Interface | Flags |
[    8.984554] cloud-init[963]: ci-info: +-------+-------------+----------+---------------+-----------+-------+
[    8.985689] cloud-init[963]: ci-info: |   0   |   0.0.0.0   | 10.0.2.2 |    0.0.0.0    |   enp0s3  |   UG  |
[    8.986830] cloud-init[963]: ci-info: |   1   |   10.0.2.0  | 0.0.0.0  | 255.255.255.0 |   enp0s3  |   U   |
[    8.988043] cloud-init[963]: ci-info: +-------+-------------+----------+---------------+-----------+-------+
[    8.989085] cloud-init[963]: ci-info: +++++++++++++++++++Route IPv6 info+++++++++++++++++++
[    8.990019] cloud-init[963]: ci-info: +-------+-------------+---------+-----------+-------+
[    8.990973] cloud-init[963]: ci-info: | Route | Destination | Gateway | Interface | Flags |
[    8.991957] cloud-init[963]: ci-info: +-------+-------------+---------+-----------+-------+
[    8.993007] cloud-init[963]: ci-info: |   0   |  fe80::/64  |    ::   |   enp0s3  |   U   |
[    8.993984] cloud-init[963]: ci-info: |   3   |   ff00::/8  |    ::   |   enp0s3  |   U   |
[    8.994872] cloud-init[963]: ci-info: +-------+-------------+---------+-----------+-------+
[    8.995902] cloud-init[963]: Generating public/private rsa key pair.
[    8.997032] cloud-init[963]: Your identification has been saved in /etc/ssh/ssh_host_rsa_key.
[    8.998224] cloud-init[963]: Your public key has been saved in /etc/ssh/ssh_host_rsa_key.pub.
[    8.999359] cloud-init[963]: The key fingerprint is:
[    9.000141] cloud-init[963]: SHA256:nmTKEuhWKkvG/cIGWWwNJzMJ4uGvTv9qGf6AmOd89GU root@ubuntu-xenial
[    9.001147] cloud-init[963]: The key's randomart image is:
[    9.001869] cloud-init[963]: +---[RSA 2048]----+
[    9.002538] cloud-init[963]: |.o. .            |
[    9.003326] cloud-init[963]: |+ .* .           |
[    9.003971] cloud-init[963]: | o. B            |
[    9.004624] cloud-init[963]: |  .= .           |
[    9.005251] cloud-init[963]: |  =.o   S        |
[    9.005995] cloud-init[963]: |o=++.o =E.       |
[    9.006618] cloud-init[963]: |+BO++.ooo        |
[    9.007245] cloud-init[963]: |=B.B+..          |
[    9.007916] cloud-init[963]: |..=+=+           |
[    9.008573] cloud-init[963]: +----[SHA256]-----+
[    9.009280] cloud-init[963]: Generating public/private dsa key pair.
[    9.010113] cloud-init[963]: Your identification has been saved in /etc/ssh/ssh_host_dsa_key.
[    9.011297] cloud-init[963]: Your public key has been saved in /etc/ssh/ssh_host_dsa_key.pub.
[    9.012419] cloud-init[963]: The key fingerprint is:
[    9.013112] cloud-init[963]: SHA256:sSAQSwV9Nahpn75EIxuJCgDJ9QTCeFxgt4bB2XuQKZw root@ubuntu-xenial
[    9.014329] cloud-init[963]: The key's randomart image is:
[    9.015410] cloud-init[963]: +---[DSA 1024]----+
[    9.016634] cloud-init[963]: |=*X&=+ oo        |
[    9.017468] cloud-init[963]: |+=E*O.o  .       |
[    9.018076] cloud-init[963]: |..o.+B. .        |
[    9.018904] cloud-init[963]: |.  o=o.. o       |
[    9.019614] cloud-init[963]: |. ..+oo.S        |
[    9.020237] cloud-init[963]: |..   =o.         |
[    9.020809] cloud-init[963]: |.   ...          |
[    9.021416] cloud-init[963]: |     ..          |
[    9.022017] cloud-init[963]: |      ..         |
[    9.022621] cloud-init[963]: +----[SHA256]-----+
[    9.023225] cloud-init[963]: Generating public/private ecdsa key pair.
[    9.024037] cloud-init[963]: Your identification has been saved in /etc/ssh/ssh_host_ecdsa_key.
[    9.024994] cloud-init[963]: Your public key has been saved in /etc/ssh/ssh_host_ecdsa_key.pub.
[    9.025901] cloud-init[963]: The key fingerprint is:
[    9.026665] cloud-init[963]: SHA256:m3iJV/0mVZcFUp0BE56d+zcr5xZCXgARIq0YJ4ot5Tc root@ubuntu-xenial
[    9.027608] cloud-init[963]: The key's randomart image is:
[    9.028229] cloud-init[963]: +---[ECDSA 256]---+
[    9.028846] cloud-init[963]: |       ... +===++|
[    9.029527] cloud-init[963]: |   . o .... .o+.=|
[    9.036476] cloud-init[963]: |  = . = .    o.+o|
[    9.037206] cloud-init[963]: | o + E .   . . oo|
[    9.037977] cloud-init[963]: |  . . . S . + o. |
[[0;32m  OK  [0m] Started Initial cloud-init job (metadata service crawler).
[[0;32m  OK  [0m] Reached target System Initialization.
[[0;32m  OK  [0m] Listening on UUID daemon activation socket.
[[0;32m  OK  [0m] Started Daily apt download activities.
         Starting Socket activation for snappy daemon.
[    9.044867] cloud-init[963]: |       o =   = ..|
[    9.076289] [[0;32m  OK  [0m] Started ACPI Events Check.
[[0;32m  OK  [0m] Reached target Paths.
[[0;32m  OK  [0m] Started Daily Cleanup of Temporary Directories.
[[0;32m  OK  [0m] Started Daily apt upgrade and clean activities.
[[0;32m  OK  [0m] Listening on D-Bus System Message Bus Socket.
[[0;32m  OK  [0m] Started Message of the Day.
cloud-init[963]: |      o *   . +.+|
[    9.084967]          cloud-initStarting LXD - unix socket.[963]: 
|       o     + o+|
[    9.092253] [cloud-init[0;32m  OK  [0m[963]: ] |              =o |Listening on ACPID Listen Socket.

[    9.100925] [cloud-init[0;32m  OK  [0m[963]: ] +----[SHA256]-----+Reached target Timers.

[    9.108245] [cloud-init[0;32m  OK  [0m[963]: ] Generating public/private ed25519 key pair.Reached target Network is Online.

[    9.108735] cloud-init[963]: Your identification has been saved in /etc/ssh/ssh_host_ed25519_key.
[    9.109810] cloud-init[963]: Your public key has been saved in /etc/ssh/ssh_host_ed25519_key.pub.
[    9.110832] cloud-init[963]: The key fingerprint is:
[    9.116913] cloud-init[963]: SHA256:gKRTk7BOGAb6NhkB1fBikEPdPF4HSShP5GhLnjxn0EI root@ubuntu-xenial
[    9.117935] cloud-init[963]: The key's randomart image is:
[    9.118633] cloud-init[963]: +--[ED25519 256]--+
[    9.119200] cloud-init[963]: |B**EBoooo        |
[    9.119765] cloud-init[963]: |=+.X*O o .       |         Starting iSCSI initiator daemon (iscsid)...
[[0;32m  OK  [0m] Reached target Cloud-config availability.
[[0;32m  OK  [0m] Listening on Socket activation for snappy daemon.
[[0;32m  OK  [0m] Listening on LXD - unix socket.
[[0;32m  OK  [0m] Reached target Sockets.
[[0;32m  OK  [0m] Reached target Basic System.
         Starting System Logging Service...

[    9.122911] [[0;32m  OK  [0m] Started FUSE filesystem for LXC.
cloud-init[963]:          Starting Virtualbox guest utils...
|o.O*Bo+ .        |
[    9.124503]          Starting Accounts Service...
cloud-init[963]: | ====o .         |
[    9.125605] cloud-init[963]: |  ** o  S        |
         Starting Snappy daemon...
         Starting LSB: MD monitoring daemon...
[[0;32m  OK  [0m] Started Regular background program processing daemon.
         Starting /etc/rc.local Compatibility...
[[0;32m  OK  [0m] Started Deferred execution scheduler.
         Starting Pollinate to seed the pseudo random number generator...
[[0;32m  OK  [0m] Started ACPI event daemon.
         Starting LXD - container startup/shutdown...
         Starting LSB: Record successful boot for GRUB...
[[0;32m  OK  [0m] Started D-Bus System Message Bus.
[    9.127161] cloud-init[963]: | . .+            |
[    9.158402] cloud-init[963]: |                 |
[    9.161972] cloud-init[963]: |                 |
[    9.168826] cloud-init[963]: |                 |
[    9.169870] cloud-init[963]: +----[SHA256]-----+
         Starting Login Service...
[[0;32m  OK  [0m] Started System Logging Service.
[[0;32m  OK  [0m] Started /etc/rc.local Compatibility.
[[0;32m  OK  [0m] Started Login Service.
[[0;32m  OK  [0m] Started Unattended Upgrades Shutdown.
[[0;32m  OK  [0m] Started iSCSI initiator daemon (iscsid).
[[0;32m  OK  [0m] Started LSB: Record successful boot for GRUB.
         Starting Login to default iSCSI targets...
[[0;32m  OK  [0m] Started LSB: MD monitoring daemon.
         Starting Authenticate and Authorize Users to Run Privileged Tasks...
[[0;32m  OK  [0m] Started Login to default iSCSI targets.
[[0;32m  OK  [0m] Reached target Remote File Systems (Pre).
[[0;32m  OK  [0m] Reached target Remote File Systems.
         Starting LSB: automatic crash report generation...
         Starting LSB: daemon to balance interrupts for SMP systems...
         Starting Permit User Sessions...
         Starting LSB: Set the CPU Frequency Scaling governor to "ondemand"...
[[0;32m  OK  [0m] Started Authenticate and Authorize Users to Run Privileged Tasks.
[[0;32m  OK  [0m] Started Accounts Service.
[[0;32m  OK  [0m] Started Permit User Sessions.
[[0;32m  OK  [0m] Started LXD - container startup/shutdown.
[[0;32m  OK  [0m] Started LSB: Set the CPU Frequency Scaling governor to "ondemand".
         Starting Terminate Plymouth Boot Screen...
         Starting Hold until boot process finishes up...
[[0;32m  OK  [0m] Started LSB: automatic crash report generation.
[[0;32m  OK  [0m] Started LSB: daemon to balance interrupts for SMP systems.
[[0;32m  OK  [0m] Started Terminate Plymouth Boot Screen.
[[0;32m  OK  [0m] Started Hold until boot process finishes up.
[[0;32m  OK  [0m] Started Virtualbox guest utils.
[[0;32m  OK  [0m] Started Serial Getty on ttyS0.
         Starting Set console scheme...
[[0;32m  OK  [0m] Started Getty on tty1.
[[0;32m  OK  [0m] Reached target Login Prompts.
[[0;32m  OK  [0m] Started Set console scheme.
[[0;32m  OK  [0m] Started Snappy daemon.
         Starting Wait until snapd is fully seeded...
[[0;32m  OK  [0m] Started Pollinate to seed the pseudo random number generator.
         Starting OpenBSD Secure Shell server...
[[0;32m  OK  [0m] Started OpenBSD Secure Shell server.
[[0;32m  OK  [0m] Started Wait until snapd is fully seeded.
         Starting Apply the settings specified in cloud-config...
[[0;32m  OK  [0m] Reached target Multi-User System.
[[0;32m  OK  [0m] Reached target Graphical Interface.
         Starting Update UTMP about System Runlevel Changes...
[[0;32m  OK  [0m] Started Update UTMP about System Runlevel Changes.
[   10.305493] cloud-init[1316]: Generating locales (this might take a while)...
[   10.966516] cloud-init[1316]:   en_US.UTF-8... done
[   10.972406] cloud-init[1316]: Generation complete.
[   11.222073] cloud-init[1316]: Cloud-init v. 19.2-36-g059d049c-0ubuntu2~16.04.1 running 'modules:config' at Wed, 08 Jan 2020 15:02:51 +0000. Up 10.23 seconds.
[[0;32m  OK  [0m] Started Apply the settings specified in cloud-config.
         Starting Execute cloud user/final scripts...
ci-info: no authorized ssh keys fingerprints found for user ubuntu.
<14>Jan  8 15:02:52 ec2: 
<14>Jan  8 15:02:52 ec2: #############################################################
<14>Jan  8 15:02:52 ec2: -----BEGIN SSH HOST KEY FINGERPRINTS-----
<14>Jan  8 15:02:52 ec2: 1024 SHA256:sSAQSwV9Nahpn75EIxuJCgDJ9QTCeFxgt4bB2XuQKZw root@ubuntu-xenial (DSA)
<14>Jan  8 15:02:52 ec2: 256 SHA256:m3iJV/0mVZcFUp0BE56d+zcr5xZCXgARIq0YJ4ot5Tc root@ubuntu-xenial (ECDSA)
<14>Jan  8 15:02:52 ec2: 256 SHA256:gKRTk7BOGAb6NhkB1fBikEPdPF4HSShP5GhLnjxn0EI root@ubuntu-xenial (ED25519)
<14>Jan  8 15:02:52 ec2: 2048 SHA256:nmTKEuhWKkvG/cIGWWwNJzMJ4uGvTv9qGf6AmOd89GU root@ubuntu-xenial (RSA)
<14>Jan  8 15:02:52 ec2: -----END SSH HOST KEY FINGERPRINTS-----
<14>Jan  8 15:02:52 ec2: #############################################################
-----BEGIN SSH HOST KEY KEYS-----
ecdsa-sha2-nistp256 AAAAE2VjZHNhLXNoYTItbmlzdHAyNTYAAAAIbmlzdHAyNTYAAABBBLN4vwJztie+dTFpoX/AS/uJAZc8VbIE5cLjpVzazK5nXMU2HwCn/Yi4pLri/N6FHhXEQc30XRAfuKQHQQh9Gy0= root@ubuntu-xenial
ssh-ed25519 AAAAC3NzaC1lZDI1NTE5AAAAIBSjCB+j3HEgtapYgnleg8nwptGW6ojUxy7ZzlwnpCFm root@ubuntu-xenial
ssh-rsa AAAAB3NzaC1yc2EAAAADAQABAAABAQDAuK/SOCSmftN8b8ouolZR3wwIlwySLLxbE+rKtv1i29fA/nhGbdxWN2SkwNU1Et7YAd+6GkeuUQox6sYJSS0E3atGck+Q19zd8gpqCAQK3UGlq1ER8GNQ729Q/0UJ4yr83ZryF9BssumpYosxl6tcjtWtbYOB3lwetGWhuoHz+Mm6dwKw+E7k0EOnfxkDjAGWv9dq7ocs1JsbmmeVcBZB2x/I6ehVYqKcgvjxvg2XEfs4gHM2x9OihJ2cPrlrksW6TsNkB2DJGGuXp2frOdaW+Wdo5039xQVmAbEeRFH//oStXCTZUqaY+QsBgzYbZQ/5aJkZUgE7edmjbaeYNwmx root@ubuntu-xenial
-----END SSH HOST KEY KEYS-----
[   11.539878] cloud-init[1359]: Cloud-init v. 19.2-36-g059d049c-0ubuntu2~16.04.1 running 'modules:final' at Wed, 08 Jan 2020 15:02:52 +0000. Up 11.43 seconds.
[   11.548503] cloud-init[1359]: ci-info: no authorized ssh keys fingerprints found for user ubuntu.
[   11.556707] cloud-init[1359]: Cloud-init v. 19.2-36-g059d049c-0ubuntu2~16.04.1 finished at Wed, 08 Jan 2020 15:02:52 +0000. Datasource DataSourceNoCloud [seed=/dev/sdb][dsmode=net].  Up 11.53 seconds
[[0;32m  OK  [0m] Started Execute cloud user/final scripts.
[[0;32m  OK  [0m] Reached target Cloud-init target.

Ubuntu 16.04.6 LTS ubuntu-xenial ttyS0

ubuntu-xenial login: 